// Jest Snapshot v1, https://goo.gl/fbAQLP

exports[`Test Route Information renders Route Information for desktop 1`] = `
<li
  className="route-info__container"
  id={1}
  tabIndex="0"
>
  <div
    className="leg-information__leg-info"
  >
    <div
      className="leg-information__leg-info-name"
      tabIndex="0"
    >
      DXB
    </div>
    <div
      className="leg-information__leg-info-time"
      tabIndex="0"
    >
      08:30
    </div>
    <div
      className="leg-information__leg-info-time"
      tabIndex="0"
    >
      12Dec2021
    </div>
  </div>
  <div
    className="aircraft-info__aircraft"
  >
    <div
      className="aircraft-info__tail-container"
    >
      <img
        alt="Tail"
        className="aircraft-info__flight-tail"
        src="tail_icon.png"
      />
      <span
        className="aircraft-info__tailNo"
        tabIndex="0"
      >
        B777
      </span>
    </div>
    <div
      className="aircraft-info__progress-container"
    >
      <div
        className="aircraft-info__progress-line"
      >
        <img
          alt="Airline"
          className="aircraft-info__progress-airplane"
          src="flight_icon.png"
        />
        <div
          className="aircraft-info__progress-line--complete"
        />
        <div
          className="aircraft-info__progress-point aircraft-info__progress-point--finish"
        />
      </div>
    </div>
    <div
      className="aircraft-info__duration"
      tabIndex="0"
    >
      3hrs 14mins
    </div>
  </div>
  <div
    className="leg-information__leg-info"
  >
    <div
      className="leg-information__leg-info-name"
      tabIndex="0"
    >
      BOM
    </div>
    <div
      className="leg-information__leg-info-time"
      tabIndex="0"
    >
      11:30
    </div>
    <div
      className="leg-information__leg-info-time"
      tabIndex="0"
    >
      12Dec2021
    </div>
  </div>
  <div
    className="flight-action__select"
  >
    <div
      className="flightNo"
      tabIndex="0"
    >
      EK500
    </div>
    <button
      className="cta"
      onClick={[MockFunction]}
    >
      Select
    </button>
  </div>
</li>
`;

exports[`Test Route Information renders Route Information for mobile 1`] = `
<li
  className="route-info__container"
  id={1}
  tabIndex="0"
>
  <div
    className="leg-information__leg-info"
  >
    <div
      className="leg-information__leg-info-name"
      tabIndex="0"
    >
      DXB
    </div>
    <div
      className="leg-information__leg-info-time"
      tabIndex="0"
    >
      08:30
    </div>
    <div
      className="leg-information__leg-info-time"
      tabIndex="0"
    >
      12Dec2021
    </div>
  </div>
  <div
    className="aircraft-info__aircraft"
  >
    <div
      className="aircraft-info__tail-container"
    >
      <img
        alt="Tail"
        className="aircraft-info__flight-tail"
        src="tail_icon.png"
      />
      <span
        className="aircraft-info__tailNo"
        tabIndex="0"
      >
        B777
      </span>
    </div>
    <div
      className="aircraft-info__progress-container"
    >
      <div
        className="aircraft-info__progress-line"
      >
        <img
          alt="Airline"
          className="aircraft-info__progress-airplane"
          src="flight_icon.png"
        />
        <div
          className="aircraft-info__progress-line--complete"
        />
        <div
          className="aircraft-info__progress-point aircraft-info__progress-point--finish"
        />
      </div>
    </div>
    <div
      className="aircraft-info__duration"
      tabIndex="0"
    >
      3hrs 14mins
    </div>
  </div>
  <div
    className="leg-information__leg-info"
  >
    <div
      className="leg-information__leg-info-name"
      tabIndex="0"
    >
      BOM
    </div>
    <div
      className="leg-information__leg-info-time"
      tabIndex="0"
    >
      11:30
    </div>
    <div
      className="leg-information__leg-info-time"
      tabIndex="0"
    >
      12Dec2021
    </div>
  </div>
  <div
    className="flight-action__select"
  >
    <div
      className="flightNo"
      tabIndex="0"
    >
      EK500
    </div>
    <button
      className="cta"
      onClick={[MockFunction]}
    >
      Select
    </button>
  </div>
</li>
`;
